-------- Log file sol.log -------

Executable: (null)
Version: Unknown
System Name: sol
Primary Input File: vpl_hot.in
Body File #1: sun.in
Body File #2: earth_hot.in
Allow files to be overwitten: Yes
Mass Units: Grams
Length Units: Meters
Time Units: Seconds
Angle Units: Radians

------- FORMATTING -----
Verbosity Level: 5
Crossover Decade for Scientific Notation: 4
Number of Digits After Decimal: 6
Integration Method: Runge-Kutta4
Direction: Forward
Time Step: 3.155760e+07
Stop Time: 2.524608e+17
Output Interval: 3.155760e+12
Use Variable Timestep: Yes
dEta: 0.010000
Minimum Value of ecc and obl: 1.000000e-10


---- INITIAL SYSTEM PROPERTIES ----
(Age) System Age [sec]: 1.577880e+15 
(Time) Simulation Time [sec]: 0.000000 
(TotAngMom) Total Angular Momentum [kg*m^2/sec]: 5.103890e+42 
(TotEnergy) Total System Energy [kg*m^2/sec^2]: -2.553845e+41 
(PotEnergy) Body's non-orbital Potential Energy [kg*m^2/sec^2]: -2.555691e+41 
(KinEnergy) Body's non-orbital Kinetic Energy [kg*m^2/sec^2]: 1.846123e+38 
(DeltaTime) Average Timestep Over Last Output Interval [sec]: 0.000000 

----- BODY: sun ----
Active Modules: STELLAR
Module Bit Sum: 65
Color: 000000
(Mass) Mass [kg]: 2.000000e+30 
(Radius) Radius [Rearth]: 98.268877 
(RadGyra) Radius of Gyration/Moment of Inertia Constant []: 0.298096 
(RotAngMom) Rotational Angular Momentum [kg*m^2/sec]: 5.077202e+42 
(RotVel) Rotational Velocity [m/sec]: 4.557991e+04 
(BodyType) Type of Body (0 == planet) []: 0.000000 
(RotRate) Rotational Frequency [/sec]: 7.272205e-05 
(RotPer) Rotational Period [sec]: 8.640000e+04 
(Density) Average Density [kg/m^3]: 1939.185840 
(HZLimitDryRunaway) Semi-major axis of Dry Runaway HZ Limit [m]: 1.132075e+11 
(HZLimRecVenus) Recent Venus HZ Limit [m]: 9.413723e+10 
(HZLimRunaway) Runaway Greenhouse HZ Limit [m]: 1.234584e+11 
(HZLimMoistGreenhouse) Moist Greenhouse HZ Limit [m]: 1.245582e+11 
(HZLimMaxGreenhouse) Maximum Greenhouse HZ Limit [m]: 2.132643e+11 
(HZLimEarlyMars) Early Mars HZ Limit [m]: 2.326802e+11 
(Instellation) Orbit-averaged INcident STELLar radiATION [kg/sec^3]: -1.000000 
(CriticalSemiMajorAxis) Holman & Wiegert (1999) P-type Critical Semi-major Axis [m]: -1.000000 
(LXUVTot) Total XUV Luminosity [kg/sec^3]: 2.673428e+23 
(LostEnergy) Body's Total Lost Energy [kg*m^2/sec^2]: 5.562685e-309 
(LostAngMom) Lost Angular Momentum due to Magnetic Braking [kg*m^2/sec]: 5.562685e-309 
----- STELLAR PARAMETERS (sun)------
(Luminosity) Luminosity [LSUN]: 0.695119 
(LXUVStellar) Base X-ray/XUV Luminosity [LSUN]: 0.000695 
(Temperature) Effective Temperature [K]: 5553.847960 
(LXUVFrac) Fraction of luminosity in XUV []: 0.001000 
(RossbyNumber) Rossby Number []: 0.061640 
(DRotPerDtStellar) Time Rate of Change of Rotation Period in STELLAR []: 2.513066e-11 
(WindTorque) Stellar Wind Torque []: 1.278849e+27 
(DSurfMagField) Stellar surface magnetic field [(null)]: 0.000500 
Output Order: [year] [year] [LSUN] [LSUN] [Rearth] [K] []
Grid Output Order:

----- BODY: earth_hot ----
Active Modules: AtmEsc RadHeat ThermInt
Module Bit Sum: 141
Color: 000000
(Mass) Mass [kg]: 5.972186e+24 
(Radius) Radius [Rearth]: 1.343412 
(RadGyra) Radius of Gyration/Moment of Inertia Constant []: 0.500000 
(BodyType) Type of Body (0 == planet) []: 0.000000 
(Density) Average Density [kg/m^3]: 2266.435850 
(SurfEnFluxTotal) Total Surface Energy Flux [kg/sec^3]: 97.467085 
(TidalQ) Tidal Q []: -1.000000 
(ImK2) Im(k_2) []: -1.000000 
(K2) k_2 []: 1.500000 
(K2Man) Real Love Number k2 Mantle [(null)]: -1.000000 
(Imk2Man) Imaginary Love Number k2 Mantle [(null)]: -1.000000 
(TidalQMantle) Mantle's Tidal Q []: -1.000000 
(ViscUMan) Upper Mantle Viscosity [m^2/sec]: 9.025442e+07 
(HZLimitDryRunaway) Semi-major axis of Dry Runaway HZ Limit [m]: 1.132075e+11 
(HZLimRecVenus) Recent Venus HZ Limit [m]: 9.413723e+10 
(HZLimRunaway) Runaway Greenhouse HZ Limit [m]: 1.234584e+11 
(HZLimMoistGreenhouse) Moist Greenhouse HZ Limit [m]: 1.245582e+11 
(HZLimMaxGreenhouse) Maximum Greenhouse HZ Limit [m]: 2.132643e+11 
(HZLimEarlyMars) Early Mars HZ Limit [m]: 2.326802e+11 
(Instellation) Orbit-averaged INcident STELLar radiATION [kg/sec^3]: 950.621908 
(MeanMotion) Orbital Mean Motion [/sec]: 1.996778e-07 
(OrbPeriod) Orbital Period [sec]: 3.146662e+07 
(SemiMajorAxis) Semi-major Axis [m]: 1.495979e+11 
(LXUVTot) Total XUV Luminosity [kg/sec^3]: -1.000000 
----- RADHEAT PARAMETERS (earth_hot)------
(26AlPowerMan) Total Power Generated by 26Al [kg*m^2/sec^3]: -0.000000 
(26AlPowerCore) Core Power Generated by 26Al [kg*m^2/sec^3]: -0.000000 
(26AlEnFlux) Surface Energy Flux from 26Al [kg/sec^3]: -0.000000 
(D26AlPowerDt) Time Rate of Change of 26Al Power Generation [(null)]: -1.000000 
(D26AlNumManDt) Time Rate of Change of 26Al Heat Generation [/sec]: 0.000000 
(26AlMassMan) Mass of Mantle in 26Al [kg]: 0.000000 
(26AlMassCore) Mass of core in 26Al [kg]: 0.000000 
(26AlNumMan) Total Number of 26Al Atoms [(null)]: 0.000000 
(26AlNumCore) Total Core Number of 26Al Atoms [(null)]: 0.000000 
(26AlTimescale) Timescale for 26Al Power Generation [(null)]: -1.000000 
(26AlPowerTotal) Total Power from Decay of 26Al Atoms [kg*m^2/sec^3]: -0.000000 
(40KPowerMan) Total Power Generated by 40K [kg*m^2/sec^3]: 1.084735e+14 
(40KPowerCore) Core Power Generated by 40K [kg*m^2/sec^3]: 1.015720e+14 
(40KEnFlux) Surface Energy Flux from 40K [kg/sec^3]: 0.242719 
(D40KPowerDt) Time Rate of Change of 40K Power Generation [(null)]: -1.000000 
(D40KNumManDt) Time Rate of Change of 40K Heat Generation [/sec]: -5.083790e+26 
(40KMassMan) Total Mass of 40K [kg]: 1.935328e+18 
(40KMassCore) Total Core Mass of 40K [kg]: 1.812196e+18 
(40KNumMan) Total Number of 40K Atoms [(null)]: 2.916330e+43 
(40KNumCore) Total Core Number of 40K Atoms [(null)]: 2.730783e+43 
(40KTimescale) Timescale for 40K Power Generation [(null)]: -1.000000 
(40KPowerCrust) Crust Power Generated by 40K [kg*m^2/sec^3]: 1.388593e+13 
(40KMassCrust) Total Crust Mass of 40K [kg]: 2.477458e+17 
(40KNumCrust) Total Crust Number of 40K Atoms [(null)]: 3.733260e+42 
(40KPowerTotal) Total Power from Decay of 40K Atoms [kg*m^2/sec^3]: 2.239314e+14 
(232ThPowerMan) Total Power Generated by 232Th [kg*m^2/sec^3]: 1.954723e+13 
(232ThPowerCore) Total Power Generated by 232Th [kg*m^2/sec^3]: 1.454097e+11 
(232ThEnFlux) Surface Energy Flux from 232Th [kg/sec^3]: 0.025496 
(D232ThNumManDt) Time Rate of Change of the number of 232Th nuclei [/sec]: -2.860457e+24 
(232ThMassMan) Total Mass of 232Th [kg]: 7.026543e+17 
(232ThMassCore) Total Mass of 232Th [kg]: 5.226968e+15 
(232ThNumMan) Total Number of 232Th Atoms [(null)]: 1.823619e+42 
(232ThNumCore) Total Number of 232Th Atoms [(null)]: 1.356570e+40 
(232ThTimescale) Timescale for 232Th Power Generation [(null)]: -1.000000 
(232ThPowerCrust) Total Power Generated by 232Th [kg*m^2/sec^3]: 3.829915e+12 
(232ThMassCrust) Total Mass of 232Th [kg]: 1.376720e+17 
(232ThNumCrust) Total Number of 232Th Atoms [(null)]: 3.573040e+41 
(232ThPowerTotal) Total Power from Decay of 232Th Atoms [kg*m^2/sec^3]: 2.352256e+13 
(238UPowerMan) Total Power Generated by 238U [kg*m^2/sec^3]: 3.500712e+13 
(238UPowerCore) Total Core Power Generated by 238U [kg*m^2/sec^3]: 1.203807e+11 
(238UEnFlux) Surface Energy Flux due to 238U [kg/sec^3]: 0.043670 
(D238UNumManDt) Time Rate of Change of the Number of 238U Nuclei [/sec]: -4.226414e+24 
(238UMassMan) Total Mass of 238U [kg]: 3.401441e+17 
(238UMassCore) Total Core Mass of 238U [kg]: 1.169671e+15 
(238UNumMan) Total Number of 238U Atoms [(null)]: 8.604870e+41 
(238UNumCore) Total Core Number of 238U Atoms [(null)]: 2.959000e+39 
(238UTimescale) Timescale for 238U Power Generation [(null)]: -1.000000 
(238UPowerCrust) Total Crust Power Generated by 238U [kg*m^2/sec^3]: 5.162377e+12 
(238UMassCrust) Total Crust Mass of 238U [kg]: 5.015986e+16 
(238UNumCrust) Total Crust Number of 238U Atoms [(null)]: 1.268930e+41 
(238UPowerTotal) Total Power from Decay of 238U Atoms [kg*m^2/sec^3]: 4.028988e+13 
(235UPowerMan) Total Power Generated by 235U [kg*m^2/sec^3]: 6.074690e+13 
(235UPowerCore) Total Core Power Generated by 235U [kg*m^2/sec^3]: 5.015863e+11 
(235UEnFlux) Surface Energy Flux due to 235U [kg/sec^3]: 0.077649 
(D235UNumManDt) Time Rate of Change of the Number of 235U Nuclei [/sec]: -9.267036e+24 
(235UMassMan) Total Mass of 235U [kg]: 1.158795e+17 
(235UMassCore) Total Core Mass of 235U [kg]: 9.568156e+14 
(235UNumMan) Total Number of 235U Atoms [(null)]: 2.968989e+41 
(235UNumCore) Total Core Number of 235U Atoms [(null)]: 2.451490e+39 
(235UTimescale) Timescale for 235U Power Generation [(null)]: -1.000000 
(235UPowerCrust) Total Crust Power Generated by 235U [kg*m^2/sec^3]: 1.038960e+13 
(235UMassCrust) Total Crust Mass of 235U [kg]: 1.981898e+16 
(235UNumCrust) Total Crust Number of 235U Atoms [(null)]: 5.077890e+40 
(235UPowerTotal) Total Power from Decay of 235U Atoms [kg*m^2/sec^3]: 7.163809e+13 
(RadPowerMan) Total Power Generated by Radiogenic Nuclides in the mantle [kg*m^2/sec^3]: 2.237747e+14 
(RadPowerCore) Total Power Generated by Radiogenic Nuclides in Core [kg*m^2/sec^3]: 1.023394e+14 
(RadPowerCrust) Total Power Generated by Radiogenic Nuclides in the crust [kg*m^2/sec^3]: 3.326783e+13 
(RadPowerTotal) Total Power Generated by Radiogenic Nuclides in Total (M+C) [kg*m^2/sec^3]: 3.593819e+14 
(SurfEnFluxRadTotal) Total Surface Heat Flux Generated by Radiogenic Nuclides [kg/sec^3]: 0.389534 
----- THERMINT PARAMETERS (earth_hot)------
(TMan) Mantle Temperature [(null)]: 3000.000000 
(TUMan) Upper Mantle Temperature [(null)]: 2100.000000 
(TLMan) Lower Mantle Temperature [K]: 3900.000000 
(TCore) Core Temperature [K]: 6000.000000 
(TCMB) CMB Temperature [K]: 4800.000000 
(BLUMan) Boundary Layer Thickness Upper Mantle [(null)]: 42.882310 
(BLLMan) Boundary Layer Thickness Lower Mantle [(null)]: 1.938957e+04 
(TJumpUMan) Upper Mantle Temperature Jump [(null)]: 1800.000000 
(TJumpLMan) Lower Mantle Temperature Jump [(null)]: 900.000000 
(SignTJumpUMan) Sign of Upper Mantle Temperature Jump [(null)]: 1.000000 
(SignTJumpLMan) Sign of Lower Mantle Temperature Jump [(null)]: 1.000000 
(ViscLMan) Lower Mantle Viscosity [m^2/sec]: 4.171658e+15 
(ShmodUMan) Shear Modulus Upper Mantle [(null)]: 4897.808734 
(FMeltUMan) Melt Fraction Upper Mantle [(null)]: 1.000000 
(FMeltLMan) Melt Fraction Lower Mantle [(null)]: 0.000000 
(MeltfactorUMan) Melt Factor Upper Mantle [(null)]: 1.925879e+07 
(MeltfactorLMan) Melt Factor Lower Mantle [(null)]: 1.000000 
(DepthMeltMan) Depth to base of Upper Mantle Melt Region [(null)]: 1.503842e+06 
(TDepthMeltMan) Temp at base of Upper Mantle Melt Region [(null)]: 2851.899507 
(TJumpMeltMan) Temp Jump across Upper Mantle Melt Region [(null)]: 1799.978559 
(MeltMassFluxMan) Mantle Melt Mass Flux [(null)]: 4.581035e+10 
(ViscUManArr) Upper Mantle Arrhenius Viscosity [m^2/sec]: 1.738191e+15 
(RayleighMan) Mantle Rayleigh Number [(null)]: 3.030360e+16 
(ViscMMan) Average (mid) Mantle Viscosity [m^2/sec]: 9.025442e+08 
(TDotMan) Change in Mantle Temperature [(null)]: -1.372490e-11 
(TDotCore) Change in Core Temperature [(null)]: 1.941198e-14 
(HfluxUMan) Heat Flux Upper Mantle [(null)]: 176.296472 
(HflowUMan) Heat Flow Upper Mantle [(null)]: 8.992257e+16 
(HfluxLMan) Heat Flux Lower Mantle [(null)]: 0.464167 
(HflowLMan) Heat Flow Lower Mantle [(null)]: 7.067929e+13 
(HfluxCMB) Heat Flux Core-Mantle Boundary [(null)]: 0.464167 
(HflowCMB) Heat Flow Core-Mantle Boundary [(null)]: 7.067929e+13 
(HflowLatentMan) Latent Heat Flow Mantle [(null)]: 2.000855e+16 
(HflowMeltMan) Melt Heat Flow Mantle [(null)]: 0.000000 
(HflowLatentIC) Latent Heat Release at ICB [(null)]: 0.000000 
(PowerGravIC) Gravitational Power Release at ICB [(null)]: 0.000000 
(HflowSurf) Heat Flow Surface Total [(null)]: 8.992257e+16 
(HflowSecMan) Mantle Secular Heat Flow [(null)]: 6.961956e+16 
(HfluxCMBAd) Adiabatic Heat Flux Core-Mantle Boundary [(null)]: 0.049882 
(HfluxCMBConv) Super-Adiabatic (convective) Heat Flux Core-Mantle Boundary [(null)]: 0.414285 
(RIC) Inner Core Radius [(null)]: 0.000000 
(DRICDTCMB) d(R_ic)/d(T_cmb) [(null)]: 0.000000 
(RICDot) Inner Core growth rate [(null)]: 0.000000 
(ChiOC) Light Element Concentration in Outer Core [(null)]: 0.094946 
(ChiIC) Light Element Concentration in Inner Core [(null)]: 0.000000 
(ThermConductOC) Thermal Conductivity of the Outer Core [(null)]: 120.000000 
(MassOC) Mass of Outer Core [(null)]: 1.941615e+24 
(MassIC) Mass of Inner Core [(null)]: 0.000000 
(MassChiOC) Mass of Chi in Outer Core [(null)]: 1.843482e+23 
(MassChiIC) Mass of Chi in Inner Core [(null)]: 0.000000 
(DTChi) Core Liquidus Depression [(null)]: 0.000000 
(CoreBuoyTherm) Core Thermal Buoyancy Flux [(null)]: 4.757325e-12 
(CoreBuoyCompo) Core Compositional Buoyancy Flux [(null)]: 0.000000 
(CoreBuoyTotal) Core Total Buoyancy Flux [(null)]: 4.757325e-12 
(GravICB) ICB Gravity [(null)]: 0.000000 
(MagMom) Core Magnetic Moment [EMAGMOM]: 1.730934 
(PresSWind) Stellar wind pressure at body [(null)]: 2.676100e-09 
(MagPauseRad) Magnetopause Radius [(null)]: 6.963750e+07 
(ViscJumpMan) Mantle Viscosity Ratio [(null)]: 2.400000 
(EruptEff) Mantle Melt Eruption Efficiency [(null)]: 0.000000 
(TrefLind) Core Liquidus Lindeman Reference [(null)]: 5451.600000 
(DynViscUMan) Upper Mantle's Dynamic Viscosity [kg*m^2/sec^2]: 2.256360e+09 
(TsolUMan) Upper Mantle Thermal Boundary Layer Solidus Temperature [(null)]: 1449.508474 
----- ATMESC PARAMETERS (earth_hot)------
(SurfWaterMass) Surface water mass [TO]: 0.000000 
(EnvelopeMass) Envelope mass [kg]: 5.150000e+20 
(OxygenMass) Oxygen mass in the atmosphere [kg]: 0.000000 
(RGLimit) Runaway greenhouse semi-major axis [m]: 1.201651e+11 
(XO) Atomic oxygen mixing ratio in upper atmosphere []: 0.000000 
(EtaO) Oxygen eta parameter (Luger and Barnes 2015) []: 0.000000 
(PlanetRadius) Planet radius [m]: 8.568414e+06 
(OxygenMantleMass) Mass of oxygen in mantle [kg]: 0.000000 
(RadXUV) XUV radius separating hydro. dyn. escape and equilibrium [m]: -1.000000 
(RadSolid) Radius to the solid surface [m]: -1.000000 
(PresXUV) Pressure at base of thermosphere [(null)]: 5.000000 
(ScaleHeight) Scale height in Lehmer & Catling (2016) model [m]: -1.000000 
(ThermTemp) Isothermal atmospheric temperature [K]: 400.000000 
(AtmGasConst) Atmospheric gas constant [(null)]: 4124.000000 
(PresSurf) Surface pressure due to atmosphere [Pa]: -1.000000 
(DEnvMassDt) Envelope Mass Loss Rate [Mearth/Myr]: -1.962851e-07 
(FXUV) XUV flux [W/m^2]: 0.950622 
(AtmXAbsEffH2O) XUV atmospheric escape efficiency for H2O []: 0.300000 
(RocheRadius) Roche Lobe Radius [m]: 1.493664e+09 
(BondiRadius) Bondi Radius [m]: 1.310821e+07 
(HEscapeRegime) Integer flag for H envelope escape regime []: 3.000000 
(RRCriticalFlux) Critical XUV Flux that separates RR and energy-limited escape [W/m^2]: 48.987677 
(CrossoverMass) Crossover mass, defines oxygen is escaping if mc > mo [kg]: 0.000000 
(WaterEscapeRegime) What water escape regime the code is currently in []: 8.000000 
(FXUVCRITDRAG) Critical Drag XUV flux [W/m^2]: 0.109861 
(HREFFLUX) The Hydrogen Reference Flux (m^-2 s^-1) [m^-2 s^-1]: 7.274082e+16 
(XO2) Molecular oxygen mixing ratio in atmosphere []: 0.000000 
(XH2O) Water mixing ratio in upper atmosphere []: 0.000000 
(HDiffFlux) The Hydrogen Diffusion Flux (m^-2 s^-1) [m^-2 s^-1]: 1.051285e+17 
(HRefODragMod) Multiply by H ref flux to get flux with drag []: 1.000000 
(KTide) Mass loss enhancement due to stellar gravity []: 0.991395 
(RGDuration) Runaway Greenhouse Duration [years]: 5.00000e+07
Output Order: [year] [EMAGMOM] [EMAGMOM] [EMAGMOM] [EMAGMOM] [EMAGMOM] [K] [K] [K] [kg] [Mearth/Myr] [TO] [Rearth]
Grid Output Order:



---- FINAL SYSTEM PROPERTIES ----
(Age) System Age [sec]: 1.917219e+17 
(Time) Simulation Time [sec]: 1.901440e+17 
(TotAngMom) Total Angular Momentum [kg*m^2/sec]: 5.104433e+42 
(TotEnergy) Total System Energy [kg*m^2/sec^2]: -2.549276e+41 
(PotEnergy) Body's non-orbital Potential Energy [kg*m^2/sec^2]: -2.110173e+41 
(KinEnergy) Body's non-orbital Kinetic Energy [kg*m^2/sec^2]: 1.555709e+35 
(DeltaTime) Average Timestep Over Last Output Interval [sec]: inf 

----- BODY: sun ----
Active Modules: STELLAR
Module Bit Sum: 65
Color: 000000
(Mass) Mass [kg]: 2.000000e+30 
(Radius) Radius [Rearth]: 119.016274 
(RadGyra) Radius of Gyration/Moment of Inertia Constant []: 0.253059 
(RotAngMom) Rotational Angular Momentum [kg*m^2/sec]: 1.515353e+41 
(RotVel) Rotational Velocity [m/sec]: 1558.626531 
(BodyType) Type of Body (0 == planet) []: 0.000000 
(RotRate) Rotational Frequency [/sec]: 2.053262e-06 
(RotPer) Rotational Period [sec]: 3.060099e+06 
(Density) Average Density [kg/m^3]: 1091.561884 
(HZLimitDryRunaway) Semi-major axis of Dry Runaway HZ Limit [m]: 1.475658e+11 
(HZLimRecVenus) Recent Venus HZ Limit [m]: 1.216389e+11 
(HZLimRunaway) Runaway Greenhouse HZ Limit [m]: 1.588610e+11 
(HZLimMoistGreenhouse) Moist Greenhouse HZ Limit [m]: 1.609471e+11 
(HZLimMaxGreenhouse) Maximum Greenhouse HZ Limit [m]: 2.729011e+11 
(HZLimEarlyMars) Early Mars HZ Limit [m]: 2.977568e+11 
(Instellation) Orbit-averaged INcident STELLar radiATION [kg/sec^3]: -1.000000 
(CriticalSemiMajorAxis) Holman & Wiegert (1999) P-type Critical Semi-major Axis [m]: -1.000000 
(LXUVTot) Total XUV Luminosity [kg/sec^3]: 2.907375e+21 
(LostEnergy) Body's Total Lost Energy [kg*m^2/sec^2]: -4.391045e+40 
(LostAngMom) Lost Angular Momentum due to Magnetic Braking [kg*m^2/sec]: 4.926212e+42 
----- STELLAR PARAMETERS (sun)------
(Luminosity) Luminosity [LSUN]: 1.181082 
(LXUVStellar) Base X-ray/XUV Luminosity [LSUN]: 7.559479e-06 
(Temperature) Effective Temperature [K]: 5770.573172 
(LXUVFrac) Fraction of luminosity in XUV []: 6.400467e-06 
(RossbyNumber) Rossby Number []: 2.745934 
(DRotPerDtStellar) Time Rate of Change of Rotation Period in STELLAR []: 8.226068e-12 
(WindTorque) Stellar Wind Torque []: 4.073528e+23 
(DSurfMagField) Stellar surface magnetic field [(null)]: 0.000500 
Output Order: [year] [year] [LSUN] [LSUN] [Rearth] [K] []
Grid Output Order:

----- BODY: earth_hot ----
Active Modules: AtmEsc RadHeat ThermInt
Module Bit Sum: 141
Color: 000000
(Mass) Mass [kg]: 5.971912e+24 
(Radius) Radius [Rearth]: 1.136477 
(RadGyra) Radius of Gyration/Moment of Inertia Constant []: 0.500000 
(BodyType) Type of Body (0 == planet) []: 0.000000 
(Density) Average Density [kg/m^3]: 3743.420690 
(SurfEnFluxTotal) Total Surface Energy Flux [kg/sec^3]: 0.080677 
(TidalQ) Tidal Q []: -1.000000 
(ImK2) Im(k_2) []: -1.000000 
(K2) k_2 []: 0.852382 
(K2Man) Real Love Number k2 Mantle [(null)]: -1.000000 
(Imk2Man) Imaginary Love Number k2 Mantle [(null)]: -1.000000 
(TidalQMantle) Mantle's Tidal Q []: -1.000000 
(ViscUMan) Upper Mantle Viscosity [m^2/sec]: 1.302103e+17 
(HZLimitDryRunaway) Semi-major axis of Dry Runaway HZ Limit [m]: 1.475658e+11 
(HZLimRecVenus) Recent Venus HZ Limit [m]: 1.216389e+11 
(HZLimRunaway) Runaway Greenhouse HZ Limit [m]: 1.588610e+11 
(HZLimMoistGreenhouse) Moist Greenhouse HZ Limit [m]: 1.609471e+11 
(HZLimMaxGreenhouse) Maximum Greenhouse HZ Limit [m]: 2.729011e+11 
(HZLimEarlyMars) Early Mars HZ Limit [m]: 2.977568e+11 
(Instellation) Orbit-averaged INcident STELLar radiATION [kg/sec^3]: 1615.209051 
(MeanMotion) Orbital Mean Motion [/sec]: 1.996778e-07 
(OrbPeriod) Orbital Period [sec]: 3.146662e+07 
(SemiMajorAxis) Semi-major Axis [m]: 1.495979e+11 
(LXUVTot) Total XUV Luminosity [kg/sec^3]: -1.000000 
----- RADHEAT PARAMETERS (earth_hot)------
(26AlPowerMan) Total Power Generated by 26Al [kg*m^2/sec^3]: -0.000000 
(26AlPowerCore) Core Power Generated by 26Al [kg*m^2/sec^3]: -0.000000 
(26AlEnFlux) Surface Energy Flux from 26Al [kg/sec^3]: -0.000000 
(D26AlPowerDt) Time Rate of Change of 26Al Power Generation [(null)]: -1.000000 
(D26AlNumManDt) Time Rate of Change of 26Al Heat Generation [/sec]: 0.000000 
(26AlMassMan) Mass of Mantle in 26Al [kg]: 0.000000 
(26AlMassCore) Mass of core in 26Al [kg]: 0.000000 
(26AlNumMan) Total Number of 26Al Atoms [(null)]: 0.000000 
(26AlNumCore) Total Core Number of 26Al Atoms [(null)]: 0.000000 
(26AlTimescale) Timescale for 26Al Power Generation [(null)]: -1.000000 
(26AlPowerTotal) Total Power from Decay of 26Al Atoms [kg*m^2/sec^3]: -0.000000 
(40KPowerMan) Total Power Generated by 40K [kg*m^2/sec^3]: 3.942783e+12 
(40KPowerCore) Core Power Generated by 40K [kg*m^2/sec^3]: 3.691929e+12 
(40KEnFlux) Surface Energy Flux from 40K [kg/sec^3]: 0.012328 
(D40KPowerDt) Time Rate of Change of 40K Power Generation [(null)]: -1.000000 
(D40KNumManDt) Time Rate of Change of 40K Heat Generation [/sec]: -1.847851e+25 
(40KMassMan) Total Mass of 40K [kg]: 7.029392e+16 
(40KMassCore) Total Core Mass of 40K [kg]: 6.582158e+16 
(40KNumMan) Total Number of 40K Atoms [(null)]: 1.059253e+42 
(40KNumCore) Total Core Number of 40K Atoms [(null)]: 9.918599e+41 
(40KTimescale) Timescale for 40K Power Generation [(null)]: -1.000000 
(40KPowerCrust) Crust Power Generated by 40K [kg*m^2/sec^3]: 5.047245e+11 
(40KMassCrust) Total Crust Mass of 40K [kg]: 8.998484e+15 
(40KNumCrust) Total Crust Number of 40K Atoms [(null)]: 1.355974e+41 
(40KPowerTotal) Total Power from Decay of 40K Atoms [kg*m^2/sec^3]: 8.139436e+12 
(232ThPowerMan) Total Power Generated by 232Th [kg*m^2/sec^3]: 1.450628e+13 
(232ThPowerCore) Total Power Generated by 232Th [kg*m^2/sec^3]: 1.079106e+11 
(232ThEnFlux) Surface Energy Flux from 232Th [kg/sec^3]: 0.026439 
(D232ThNumManDt) Time Rate of Change of the number of 232Th nuclei [/sec]: -2.122785e+24 
(232ThMassMan) Total Mass of 232Th [kg]: 5.214482e+17 
(232ThMassCore) Total Mass of 232Th [kg]: 3.878995e+15 
(232ThNumMan) Total Number of 232Th Atoms [(null)]: 1.353329e+42 
(232ThNumCore) Total Number of 232Th Atoms [(null)]: 1.006727e+40 
(232ThTimescale) Timescale for 232Th Power Generation [(null)]: -1.000000 
(232ThPowerCrust) Total Power Generated by 232Th [kg*m^2/sec^3]: 2.842233e+12 
(232ThMassCrust) Total Mass of 232Th [kg]: 1.021680e+17 
(232ThNumCrust) Total Number of 232Th Atoms [(null)]: 2.651596e+41 
(232ThPowerTotal) Total Power from Decay of 232Th Atoms [kg*m^2/sec^3]: 1.745642e+13 
(238UPowerMan) Total Power Generated by 238U [kg*m^2/sec^3]: 1.375813e+13 
(238UPowerCore) Total Core Power Generated by 238U [kg*m^2/sec^3]: 4.731077e+10 
(238UEnFlux) Surface Energy Flux due to 238U [kg/sec^3]: 0.023982 
(D238UNumManDt) Time Rate of Change of the Number of 238U Nuclei [/sec]: -1.661021e+24 
(238UMassMan) Total Mass of 238U [kg]: 1.336775e+17 
(238UMassCore) Total Core Mass of 238U [kg]: 4.596836e+14 
(238UNumMan) Total Number of 238U Atoms [(null)]: 3.381735e+41 
(238UNumCore) Total Core Number of 238U Atoms [(null)]: 1.162894e+39 
(238UTimescale) Timescale for 238U Power Generation [(null)]: -1.000000 
(238UPowerCrust) Total Crust Power Generated by 238U [kg*m^2/sec^3]: 2.028863e+12 
(238UMassCrust) Total Crust Mass of 238U [kg]: 1.971295e+16 
(238UNumCrust) Total Crust Number of 238U Atoms [(null)]: 4.986927e+40 
(238UPowerTotal) Total Power from Decay of 238U Atoms [kg*m^2/sec^3]: 1.583430e+13 
(235UPowerMan) Total Power Generated by 235U [kg*m^2/sec^3]: 1.607019e+11 
(235UPowerCore) Total Core Power Generated by 235U [kg*m^2/sec^3]: 1.326913e+09 
(235UEnFlux) Surface Energy Flux due to 235U [kg/sec^3]: 0.000287 
(D235UNumManDt) Time Rate of Change of the Number of 235U Nuclei [/sec]: -2.451533e+22 
(235UMassMan) Total Mass of 235U [kg]: 3.010646e+14 
(235UMassCore) Total Core Mass of 235U [kg]: 2.485886e+12 
(235UNumMan) Total Number of 235U Atoms [(null)]: 7.713678e+38 
(235UNumCore) Total Core Number of 235U Atoms [(null)]: 6.369173e+36 
(235UTimescale) Timescale for 235U Power Generation [(null)]: -1.000000 
(235UPowerCrust) Total Crust Power Generated by 235U [kg*m^2/sec^3]: 2.748500e+10 
(235UMassCrust) Total Crust Mass of 235U [kg]: 5.149136e+13 
(235UNumCrust) Total Crust Number of 235U Atoms [(null)]: 1.319278e+38 
(235UPowerTotal) Total Power from Decay of 235U Atoms [kg*m^2/sec^3]: 1.895138e+11 
(RadPowerMan) Total Power Generated by Radiogenic Nuclides in the mantle [kg*m^2/sec^3]: 3.236789e+13 
(RadPowerCore) Total Power Generated by Radiogenic Nuclides in Core [kg*m^2/sec^3]: 3.848477e+12 
(RadPowerCrust) Total Power Generated by Radiogenic Nuclides in the crust [kg*m^2/sec^3]: 5.403306e+12 
(RadPowerTotal) Total Power Generated by Radiogenic Nuclides in Total (M+C) [kg*m^2/sec^3]: 4.161967e+13 
(SurfEnFluxRadTotal) Total Surface Heat Flux Generated by Radiogenic Nuclides [kg/sec^3]: 0.063035 
----- THERMINT PARAMETERS (earth_hot)------
(TMan) Mantle Temperature [(null)]: 2331.467365 
(TUMan) Upper Mantle Temperature [(null)]: 1632.027156 
(TLMan) Lower Mantle Temperature [K]: 3030.907575 
(TCore) Core Temperature [K]: 5014.960341 
(TCMB) CMB Temperature [K]: 4011.968273 
(BLUMan) Boundary Layer Thickness Upper Mantle [(null)]: 5.357022e+04 
(BLLMan) Boundary Layer Thickness Lower Mantle [(null)]: 9.734302e+04 
(TJumpUMan) Upper Mantle Temperature Jump [(null)]: 1332.027156 
(TJumpLMan) Lower Mantle Temperature Jump [(null)]: 981.060698 
(SignTJumpUMan) Sign of Upper Mantle Temperature Jump [(null)]: 1.000000 
(SignTJumpLMan) Sign of Lower Mantle Temperature Jump [(null)]: 1.000000 
(ViscLMan) Lower Mantle Viscosity [m^2/sec]: 5.754025e+17 
(ShmodUMan) Shear Modulus Upper Mantle [(null)]: 1.367596e+12 
(FMeltUMan) Melt Fraction Upper Mantle [(null)]: 0.214208 
(FMeltLMan) Melt Fraction Lower Mantle [(null)]: 0.000000 
(MeltfactorUMan) Melt Factor Upper Mantle [(null)]: 1.841260 
(MeltfactorLMan) Melt Factor Lower Mantle [(null)]: 1.000000 
(DepthMeltMan) Depth to base of Upper Mantle Melt Region [(null)]: 1.841458e+05 
(TDepthMeltMan) Temp at base of Upper Mantle Melt Region [(null)]: 1697.314927 
(TJumpMeltMan) Temp Jump across Upper Mantle Melt Region [(null)]: 1305.242045 
(MeltMassFluxMan) Mantle Melt Mass Flux [(null)]: 7.855154e+06 
(ViscUManArr) Upper Mantle Arrhenius Viscosity [m^2/sec]: 2.397510e+17 
(RayleighMan) Mantle Rayleigh Number [(null)]: 1.799474e+07 
(ViscMMan) Average (mid) Mantle Viscosity [m^2/sec]: 1.302103e+18 
(TDotMan) Change in Mantle Temperature [(null)]: -8.950060e-16 
(TDotCore) Change in Core Temperature [(null)]: -2.463245e-15 
(HfluxUMan) Heat Flux Upper Mantle [(null)]: 0.104433 
(HflowUMan) Heat Flow Upper Mantle [(null)]: 5.326771e+13 
(HfluxLMan) Heat Flux Lower Mantle [(null)]: 0.100784 
(HflowLMan) Heat Flow Lower Mantle [(null)]: 1.534649e+13 
(HfluxCMB) Heat Flux Core-Mantle Boundary [(null)]: 0.100784 
(HflowCMB) Heat Flow Core-Mantle Boundary [(null)]: 1.534649e+13 
(HflowLatentMan) Latent Heat Flow Mantle [(null)]: 1.013408e+12 
(HflowMeltMan) Melt Heat Flow Mantle [(null)]: 0.000000 
(HflowLatentIC) Latent Heat Release at ICB [(null)]: 8.349079e+12 
(PowerGravIC) Gravitational Power Release at ICB [(null)]: 3.339632e+12 
(HflowSurf) Heat Flow Surface Total [(null)]: 5.326771e+13 
(HflowSecMan) Mantle Secular Heat Flow [(null)]: 4.539920e+12 
(HfluxCMBAd) Adiabatic Heat Flux Core-Mantle Boundary [(null)]: 0.034848 
(HfluxCMBConv) Super-Adiabatic (convective) Heat Flux Core-Mantle Boundary [(null)]: 0.065936 
(RIC) Inner Core Radius [(null)]: 9.717363e+05 
(DRICDTCMB) d(R_ic)/d(T_cmb) [(null)]: -2.343676e+04 
(RICDot) Inner Core growth rate [(null)]: 4.618568e-11 
(ChiOC) Light Element Concentration in Outer Core [(null)]: 0.026766 
(ChiIC) Light Element Concentration in Inner Core [(null)]: 2.676604 
(ThermConductOC) Thermal Conductivity of the Outer Core [(null)]: 100.299207 
(MassOC) Mass of Outer Core [(null)]: 1.891658e+24 
(MassIC) Mass of Inner Core [(null)]: 4.995736e+22 
(MassChiOC) Mass of Chi in Outer Core [(null)]: 5.063218e+22 
(MassChiIC) Mass of Chi in Inner Core [(null)]: 1.337160e+23 
(DTChi) Core Liquidus Depression [(null)]: 0.000000 
(CoreBuoyTherm) Core Thermal Buoyancy Flux [(null)]: 7.571546e-13 
(CoreBuoyCompo) Core Compositional Buoyancy Flux [(null)]: 6.783940e-13 
(CoreBuoyTotal) Core Total Buoyancy Flux [(null)]: 1.435549e-12 
(GravICB) ICB Gravity [(null)]: 2.959036 
(MagMom) Core Magnetic Moment [EMAGMOM]: 1.040989 
(PresSWind) Stellar wind pressure at body [(null)]: 2.676100e-09 
(MagPauseRad) Magnetopause Radius [(null)]: 5.878029e+07 
(ViscJumpMan) Mantle Viscosity Ratio [(null)]: 2.400000 
(EruptEff) Mantle Melt Eruption Efficiency [(null)]: 0.000000 
(TrefLind) Core Liquidus Lindeman Reference [(null)]: 5451.600000 
(DynViscUMan) Upper Mantle's Dynamic Viscosity [kg*m^2/sec^2]: 3.255258e+18 
(TsolUMan) Upper Mantle Thermal Boundary Layer Solidus Temperature [(null)]: 1524.923001 
----- ATMESC PARAMETERS (earth_hot)------
(SurfWaterMass) Surface water mass [TO]: 0.000000 
(EnvelopeMass) Envelope mass [kg]: 2.414806e+20 
(OxygenMass) Oxygen mass in the atmosphere [kg]: 0.000000 
(RGLimit) Runaway greenhouse semi-major axis [m]: 1.546318e+11 
(XO) Atomic oxygen mixing ratio in upper atmosphere []: 0.000000 
(EtaO) Oxygen eta parameter (Luger and Barnes 2015) []: 0.000000 
(PlanetRadius) Planet radius [m]: 7.248565e+06 
(OxygenMantleMass) Mass of oxygen in mantle [kg]: 0.000000 
(RadXUV) XUV radius separating hydro. dyn. escape and equilibrium [m]: -1.000000 
(RadSolid) Radius to the solid surface [m]: -1.000000 
(PresXUV) Pressure at base of thermosphere [(null)]: 5.000000 
(ScaleHeight) Scale height in Lehmer & Catling (2016) model [m]: -1.000000 
(ThermTemp) Isothermal atmospheric temperature [K]: 400.000000 
(AtmGasConst) Atmospheric gas constant [(null)]: 4124.000000 
(PresSurf) Surface pressure due to atmosphere [Pa]: -1.000000 
(DEnvMassDt) Envelope Mass Loss Rate [Mearth/Myr]: -1.580434e-09 
(FXUV) XUV flux [W/m^2]: 0.010338 
(AtmXAbsEffH2O) XUV atmospheric escape efficiency for H2O []: 0.300000 
(RocheRadius) Roche Lobe Radius [m]: 1.493641e+09 
(BondiRadius) Bondi Radius [m]: 1.146313e+07 
(HEscapeRegime) Integer flag for H envelope escape regime []: 3.000000 
(RRCriticalFlux) Critical XUV Flux that separates RR and energy-limited escape [W/m^2]: 81.124590 
(CrossoverMass) Crossover mass, defines oxygen is escaping if mc > mo [kg]: 0.000000 
(WaterEscapeRegime) What water escape regime the code is currently in []: 8.000000 
(FXUVCRITDRAG) Critical Drag XUV flux [W/m^2]: 0.181446 
(HREFFLUX) The Hydrogen Reference Flux (m^-2 s^-1) [m^-2 s^-1]: 8.184007e+14 
(XO2) Molecular oxygen mixing ratio in atmosphere []: 0.000000 
(XH2O) Water mixing ratio in upper atmosphere []: 0.000000 
(HDiffFlux) The Hydrogen Diffusion Flux (m^-2 s^-1) [m^-2 s^-1]: 1.468917e+17 
(HRefODragMod) Multiply by H ref flux to get flux with drag []: 1.000000 
(KTide) Mass loss enhancement due to stellar gravity []: 0.992721 
(RGDuration) Runaway Greenhouse Duration [years]: 5.00000e+07
Output Order: [year] [EMAGMOM] [EMAGMOM] [EMAGMOM] [EMAGMOM] [EMAGMOM] [K] [K] [K] [kg] [Mearth/Myr] [TO] [Rearth]
Grid Output Order:
